Root@0..133
  SourceUnit@0..131
    KwSeiyaku="seiyaku"@0..7
    Ident="C"@8..9
    LBrace="{"@10..11
    ItemList@11..130
      FunctionItem@12..128
        KwFn="fn"@12..14
        Ident="f"@15..16
        ParamList@16..31
          LParen="("@16..17
          Ident="Option"@17..23
          Less="<"@23..24
          Ident="int"@24..27
          Greater=">"@27..28
          Ident="v"@29..30
          RParen=")"@30..31
        Block@32..128
          LBrace="{"@32..33
          StatementList@33..127
            LetStmt@34..58
              KwLet="let"@34..37
              Ident="choice"@38..44
              Equal="="@45..46
              Ident="v"@47..48
              Question="?"@48..49
              Question="?"@50..51
              Number="1"@52..53
              Colon=":"@54..55
              Number="2"@56..57
              Semicolon=";"@57..58
            LetStmt@59..126
              KwLet="let"@59..62
              Ident="payload"@63..70
              Equal="="@71..72
              JsonObjectExpr@73..125
                Ident="json"@73..77
                LBrace="{"@78..79
                JsonObjectEntry@80..125
                  Ident="values"@80..86
                  Colon=":"@86..87
                  JsonArrayExpr@88..125
                    Ident="json"@88..92
                    LBracket="["@93..94
                    Number="1"@94..95
                    Comma=","@95..96
                    ListComprehension@97..125
                      LBracket="["@97..98
                      Ident="x"@98..99
                      KwFor="for"@100..103
                      Ident="x"@104..105
                      KwIn="in"@106..108
                      ListExpr@109..115
                        LBracket="["@109..110
                        Number="1"@110..111
                        Comma=","@111..112
                        Number="2"@113..114
                        RBracket="]"@114..115
                      KwIf="if"@116..118
                      Ident="x"@119..120
                      Greater=">"@121..122
                      Number="0"@123..124
                      RBracket="]"@124..125
                    Missing(Some(RBracket))@125
              ErrorNode@125..126
                Semicolon=";"@125..126
          RBrace="}"@127..128
      ErrorNode@128..129
        Semicolon=";"@128..129
    RBrace="}"@130..131
  RBrace="}"@132..133
